main.c:65:1:__io_putchar	16	static
main.c:99:9:decToBcd	16	static
main.c:103:9:bcdToDec	16	static
main.c:120:6:Set_Time	48	static
main.c:133:6:Get_Time	32	static
main.c:175:6:clearBuffer	16	static
main.c:186:6:CheckPass	16	static
main.c:210:6:keypad	8	static
main.c:324:6:matkhau	16	static
main.c:346:6:RtC	16	static
main.c:358:6:cambien	8	static
main.c:386:6:Button	8	static
main.c:551:6:XuLy	8	static
main.c:668:6:HAL_UART_RxCpltCallback	16	static
main.c:678:7:ReceivedEnd	8	static
main.c:694:6:clearbufferEnd	16	static
main.c:703:6:Data	32	static
main.c:759:6:SendData	40	static
main.c:774:5:main	8	static
main.c:840:6:SystemClock_Config	88	static
main.c:884:13:MX_ADC1_Init	24	static
main.c:942:13:MX_I2C1_Init	8	static
main.c:976:13:MX_I2C3_Init	8	static
main.c:1010:13:MX_TIM3_Init	64	static
main.c:1069:13:MX_USART2_UART_Init	8	static
main.c:1102:13:MX_USART6_UART_Init	8	static
main.c:1133:13:MX_DMA_Init	16	static
main.c:1151:13:MX_GPIO_Init	56	static
main.c:1255:6:Error_Handler	4	static,ignoring_inline_asm
